Kategorien: 120
Steinbearbeitung 1359
Schleifmittel 97
Fiberschleifmittel SIC 21
Kleinschleifkörper 9
Schleifkörper Bakelit 20
Schleifkörper Bakelit EP 2
Schleifkörper Keramisch 21
Chemische Produkte 171
AKEMI Klebstoffe und mehr 79
AKEMI Zubehör 10
Imprägnierungsmittel 17
Pflegemittel/Versiegeln 15
Poliermittel 10
Art StoneLux 48
Chemische Produkte 4
Koffer-Sets 5
Schleifmittel 4
Zubehör und Hilfsmittel 31
Diamantwerkzeuge 283
Diamant Bohrkronen/Bohre 8
Diamant Schleifteller 26
Diamant Trennscheiben 85
Diamantschleifscheiben 13
Diamantwerkzeuge CNC 46
Bildhauerwerkzeuge 232
FERRIT - Hartmetallwerkzeuge: Hand 13
FERRIT - Hartmetallwerkzeuge: Pressluft 15
REXID - Hartmetallwerkzeuge: Hand 30
REXID - Hartmetallwerkzeuge: Druckluft 11
EUROP - Hand- und Pressluftwerkzeuge 16
Elektrowerkzeuge & Zubehör 316
Aufnahmeteller 27
Elektrowerkzeuge 166
Zubehörteile 122
Druckluftwerkzeuge & Zubehör 53
Kompressoren 4
Pressluft Zubehör 7
Pressluftwerkzeuge 40
Maschinen 16
Sandstrahlanlagen+Zubehör 3
Steinfräsen 4
Zubehör 3
HUSQVARNA 23
Benzinbetriebene Geräte 4
Bohrkronen 1
Elektrogeräte 15
Grabschmuck 12
Grabschmuck und Zubehör 12
Arbeitsschutz 31
Arbeitsschutz 13
Gehörschutz 5
Handschuhe 7
Staubmasken 5
Zubehör und Hilfsmittel 123
Diverses Hilsfmaterial 28
Eisenwaren + Werkzeuge 58
HALDER + PICARD Hammer/Fäustel/Schlägel 24
Klebebänder 15
Pinsel und Spraydosen 10
Gipser / Betonkosmetik 124
GALA+Tiefbau+Renovation 258
PROBST für den GaLa-Bau 152
Geräte 16
Hebegeräte 63
Pflaster- & Verlegesysteme 36
Planumserstellung 24
Vakuum-Verlegesysteme 25
Tiefbau: Verlegung Platten, Ringe+Rohre 20
Portalkranen 6
Trennscheiben & Diamantbohrer 10
Brückenfräsen Mobil 4
Diamanttrennscheiben 5
AKEMI Spezialreiniger für den GaLa-Bau 18
AKEMI Spezial-Imprägnierer 5
AKEMI Spezialkleber 4
AKEMI Spezialreiniger 9
Hartmetallwerkzeuge für den GaLa-Bau 36
Hartmetallwerkzeuge mit WIDIA Einsatz 13
Hartmetallwerkzeuge Stahl 11
Spaltkeilgarnitur 1
Hartmetallwerkzeuge für den GaLa-Bau 4
PROBST Kleinmaterial + Ersatzteile 25
Plattenleger 321
Diamantwerkzeuge 38
Diamanttrennscheiben 45mm -125mm 31
Diamanttrennscheiben 150mm -230mm 10
Diamantbohrkronen 1
PSA Plattenleger 31
Elektrogeräte 52
Mit Akku 28
230 Volt 23
DISTAR Technik 6
EdPlit 3
AKEMI Produkte 37
Hämmer 4
Bildhauer 225
Elektrogeräte 170
Arbeitsschutz PSA 30
Aufbearbeitung von Böden + mehr 126
Töpfern, Ton, Keramik und mehr 65
Auto Produkte 55
Arbeitsschutz + Werkstatt 6
Divers 2
Aufbereitung- & Pflege 20
Reiniger 2
Karosseriebau 18
Entfetter & Klebstoffentferner 1
Grundierungen 5
Kleb- und Dichtstoffe 2
Reparatursystem für Kunststoffteile 2
Spachtelmassen 4
Lackierung 9
Lacke 1
Polituren 1
Werkzeuge & Zubehör 2
Mechanik 3
Wartung & Reparatur 1
AKEMI Reinigungsmittel 38
DIAMANT Werkzeuge divers 99
AKEMI Akepox 21
Produkte total: 1624
0
200
400
600
800
1000
1200
1400
1600
done 1624
